00	0000 0001	0	1000 0001
01	1000 0010	0	0000 0010
10	1010 0001	1	0010 0001
11	0101 1010	0	1101 1010
